Analysis & Synthesis report for CH3_WATCH
Fri Nov 25 17:12:06 2022
Quartus II 64-Bit Version 13.0.1 Build 232 06/12/2013 Service Pack 1 SJ Web Edition


---------------------
; Table of Contents ;
---------------------
  1. Legal Notice
  2. Analysis & Synthesis Summary
  3. Analysis & Synthesis Settings
  4. Parallel Compilation
  5. Analysis & Synthesis Source Files Read
  6. Analysis & Synthesis Resource Usage Summary
  7. Analysis & Synthesis Resource Utilization by Entity
  8. Registers Removed During Synthesis
  9. General Register Statistics
 10. Inverted Register Statistics
 11. Multiplexer Restructuring Statistics (Restructuring Performed)
 12. Parameter Settings for Inferred Entity Instance: lpm_divide:Div0
 13. Parameter Settings for Inferred Entity Instance: lpm_divide:Mod0
 14. Elapsed Time Per Partition
 15. Analysis & Synthesis Messages



----------------
; Legal Notice ;
----------------
Copyright (C) 1991-2013 Altera Corporation
Your use of Altera Corporation's design tools, logic functions 
and other software and tools, and its AMPP partner logic 
functions, and any output files from any of the foregoing 
(including device programming or simulation files), and any 
associated documentation or information are expressly subject 
to the terms and conditions of the Altera Program License 
Subscription Agreement, Altera MegaCore Function License 
Agreement, or other applicable license agreement, including, 
without limitation, that your use is for the sole purpose of 
programming logic devices manufactured by Altera and sold by 
Altera or its authorized distributors.  Please refer to the 
applicable agreement for further details.



+--------------------------------------------------------------------------------------+
; Analysis & Synthesis Summary                                                         ;
+------------------------------------+-------------------------------------------------+
; Analysis & Synthesis Status        ; Successful - Fri Nov 25 17:12:06 2022           ;
; Quartus II 64-Bit Version          ; 13.0.1 Build 232 06/12/2013 SP 1 SJ Web Edition ;
; Revision Name                      ; CH3_WATCH                                       ;
; Top-level Entity Name              ; CH3_WATCH                                       ;
; Family                             ; Cyclone II                                      ;
; Total logic elements               ; 2,354                                           ;
;     Total combinational functions  ; 2,352                                           ;
;     Dedicated logic registers      ; 177                                             ;
; Total registers                    ; 177                                             ;
; Total pins                         ; 19                                              ;
; Total virtual pins                 ; 0                                               ;
; Total memory bits                  ; 0                                               ;
; Embedded Multiplier 9-bit elements ; 0                                               ;
; Total PLLs                         ; 0                                               ;
+------------------------------------+-------------------------------------------------+


+----------------------------------------------------------------------------------------------------------------------+
; Analysis & Synthesis Settings                                                                                        ;
+----------------------------------------------------------------------------+--------------------+--------------------+
; Option                                                                     ; Setting            ; Default Value      ;
+----------------------------------------------------------------------------+--------------------+--------------------+
; Device                                                                     ; EP2C70F672C8       ;                    ;
; Top-level entity name                                                      ; CH3_WATCH          ; CH3_WATCH          ;
; Family name                                                                ; Cyclone II         ; Cyclone IV GX      ;
; Use smart compilation                                                      ; Off                ; Off                ;
; Enable parallel Assembler and TimeQuest Timing Analyzer during compilation ; On                 ; On                 ;
; Enable compact report table                                                ; Off                ; Off                ;
; Restructure Multiplexers                                                   ; Auto               ; Auto               ;
; Create Debugging Nodes for IP Cores                                        ; Off                ; Off                ;
; Preserve fewer node names                                                  ; On                 ; On                 ;
; Disable OpenCore Plus hardware evaluation                                  ; Off                ; Off                ;
; Verilog Version                                                            ; Verilog_2001       ; Verilog_2001       ;
; VHDL Version                                                               ; VHDL_1993          ; VHDL_1993          ;
; State Machine Processing                                                   ; Auto               ; Auto               ;
; Safe State Machine                                                         ; Off                ; Off                ;
; Extract Verilog State Machines                                             ; On                 ; On                 ;
; Extract VHDL State Machines                                                ; On                 ; On                 ;
; Ignore Verilog initial constructs                                          ; Off                ; Off                ;
; Iteration limit for constant Verilog loops                                 ; 5000               ; 5000               ;
; Iteration limit for non-constant Verilog loops                             ; 250                ; 250                ;
; Add Pass-Through Logic to Inferred RAMs                                    ; On                 ; On                 ;
; Infer RAMs from Raw Logic                                                  ; On                 ; On                 ;
; Parallel Synthesis                                                         ; On                 ; On                 ;
; DSP Block Balancing                                                        ; Auto               ; Auto               ;
; NOT Gate Push-Back                                                         ; On                 ; On                 ;
; Power-Up Don't Care                                                        ; On                 ; On                 ;
; Remove Redundant Logic Cells                                               ; Off                ; Off                ;
; Remove Duplicate Registers                                                 ; On                 ; On                 ;
; Ignore CARRY Buffers                                                       ; Off                ; Off                ;
; Ignore CASCADE Buffers                                                     ; Off                ; Off                ;
; Ignore GLOBAL Buffers                                                      ; Off                ; Off                ;
; Ignore ROW GLOBAL Buffers                                                  ; Off                ; Off                ;
; Ignore LCELL Buffers                                                       ; Off                ; Off                ;
; Ignore SOFT Buffers                                                        ; On                 ; On                 ;
; Limit AHDL Integers to 32 Bits                                             ; Off                ; Off                ;
; Optimization Technique                                                     ; Balanced           ; Balanced           ;
; Carry Chain Length                                                         ; 70                 ; 70                 ;
; Auto Carry Chains                                                          ; On                 ; On                 ;
; Auto Open-Drain Pins                                                       ; On                 ; On                 ;
; Perform WYSIWYG Primitive Resynthesis                                      ; Off                ; Off                ;
; Auto ROM Replacement                                                       ; On                 ; On                 ;
; Auto RAM Replacement                                                       ; On                 ; On                 ;
; Auto Shift Register Replacement                                            ; Auto               ; Auto               ;
; Allow Shift Register Merging across Hierarchies                            ; Auto               ; Auto               ;
; Auto Clock Enable Replacement                                              ; On                 ; On                 ;
; Strict RAM Replacement                                                     ; Off                ; Off                ;
; Allow Synchronous Control Signals                                          ; On                 ; On                 ;
; Force Use of Synchronous Clear Signals                                     ; Off                ; Off                ;
; Auto RAM to Logic Cell Conversion                                          ; Off                ; Off                ;
; Auto Resource Sharing                                                      ; Off                ; Off                ;
; Allow Any RAM Size For Recognition                                         ; Off                ; Off                ;
; Allow Any ROM Size For Recognition                                         ; Off                ; Off                ;
; Allow Any Shift Register Size For Recognition                              ; Off                ; Off                ;
; Use LogicLock Constraints during Resource Balancing                        ; On                 ; On                 ;
; Ignore translate_off and synthesis_off directives                          ; Off                ; Off                ;
; Timing-Driven Synthesis                                                    ; Off                ; Off                ;
; Report Parameter Settings                                                  ; On                 ; On                 ;
; Report Source Assignments                                                  ; On                 ; On                 ;
; Report Connectivity Checks                                                 ; On                 ; On                 ;
; Ignore Maximum Fan-Out Assignments                                         ; Off                ; Off                ;
; Synchronization Register Chain Length                                      ; 2                  ; 2                  ;
; PowerPlay Power Optimization                                               ; Normal compilation ; Normal compilation ;
; HDL message level                                                          ; Level2             ; Level2             ;
; Suppress Register Optimization Related Messages                            ; Off                ; Off                ;
; Number of Removed Registers Reported in Synthesis Report                   ; 5000               ; 5000               ;
; Number of Swept Nodes Reported in Synthesis Report                         ; 5000               ; 5000               ;
; Number of Inverted Registers Reported in Synthesis Report                  ; 100                ; 100                ;
; Clock MUX Protection                                                       ; On                 ; On                 ;
; Auto Gated Clock Conversion                                                ; Off                ; Off                ;
; Block Design Naming                                                        ; Auto               ; Auto               ;
; SDC constraint protection                                                  ; Off                ; Off                ;
; Synthesis Effort                                                           ; Auto               ; Auto               ;
; Shift Register Replacement - Allow Asynchronous Clear Signal               ; On                 ; On                 ;
; Pre-Mapping Resynthesis Optimization                                       ; Off                ; Off                ;
; Analysis & Synthesis Message Level                                         ; Medium             ; Medium             ;
; Disable Register Merging Across Hierarchies                                ; Auto               ; Auto               ;
; Resource Aware Inference For Block RAM                                     ; On                 ; On                 ;
; Synthesis Seed                                                             ; 1                  ; 1                  ;
+----------------------------------------------------------------------------+--------------------+--------------------+


Parallel compilation was disabled, but you have multiple processors available. Enable parallel compilation to reduce compilation time.
+-------------------------------------+
; Parallel Compilation                ;
+----------------------------+--------+
; Processors                 ; Number ;
+----------------------------+--------+
; Number detected on machine ; 8      ;
; Maximum allowed            ; 1      ;
+----------------------------+--------+


+---------------------------------------------------------------------------------------------------------------------------------------------------------------------+
; Analysis & Synthesis Source Files Read                                                                                                                              ;
+----------------------------------+-----------------+------------------------------+-----------------------------------------------------------------------+---------+
; File Name with User-Entered Path ; Used in Netlist ; File Type                    ; File Name with Absolute Path                                          ; Library ;
+----------------------------------+-----------------+------------------------------+-----------------------------------------------------------------------+---------+
; CH3_WATCH.v                      ; yes             ; User Verilog HDL File        ; C:/altera/CH3_WATCH/CH3_WATCH.v                                       ;         ;
; CH3_WT_SEP.v                     ; yes             ; User Verilog HDL File        ; C:/altera/CH3_WATCH/CH3_WT_SEP.v                                      ;         ;
; lpm_divide.tdf                   ; yes             ; Megafunction                 ; c:/altera/13.0sp1/quartus/libraries/megafunctions/lpm_divide.tdf      ;         ;
; abs_divider.inc                  ; yes             ; Megafunction                 ; c:/altera/13.0sp1/quartus/libraries/megafunctions/abs_divider.inc     ;         ;
; sign_div_unsign.inc              ; yes             ; Megafunction                 ; c:/altera/13.0sp1/quartus/libraries/megafunctions/sign_div_unsign.inc ;         ;
; aglobal130.inc                   ; yes             ; Megafunction                 ; c:/altera/13.0sp1/quartus/libraries/megafunctions/aglobal130.inc      ;         ;
; db/lpm_divide_pto.tdf            ; yes             ; Auto-Generated Megafunction  ; C:/altera/CH3_WATCH/db/lpm_divide_pto.tdf                             ;         ;
; db/abs_divider_6dg.tdf           ; yes             ; Auto-Generated Megafunction  ; C:/altera/CH3_WATCH/db/abs_divider_6dg.tdf                            ;         ;
; db/alt_u_div_o5f.tdf             ; yes             ; Auto-Generated Megafunction  ; C:/altera/CH3_WATCH/db/alt_u_div_o5f.tdf                              ;         ;
; db/add_sub_lkc.tdf               ; yes             ; Auto-Generated Megafunction  ; C:/altera/CH3_WATCH/db/add_sub_lkc.tdf                                ;         ;
; db/add_sub_mkc.tdf               ; yes             ; Auto-Generated Megafunction  ; C:/altera/CH3_WATCH/db/add_sub_mkc.tdf                                ;         ;
; db/lpm_abs_2s9.tdf               ; yes             ; Auto-Generated Megafunction  ; C:/altera/CH3_WATCH/db/lpm_abs_2s9.tdf                                ;         ;
; db/lpm_abs_0s9.tdf               ; yes             ; Auto-Generated Megafunction  ; C:/altera/CH3_WATCH/db/lpm_abs_0s9.tdf                                ;         ;
; db/lpm_divide_slo.tdf            ; yes             ; Auto-Generated Megafunction  ; C:/altera/CH3_WATCH/db/lpm_divide_slo.tdf                             ;         ;
+----------------------------------+-----------------+------------------------------+-----------------------------------------------------------------------+---------+


+-----------------------------------------------------+
; Analysis & Synthesis Resource Usage Summary         ;
+---------------------------------------------+-------+
; Resource                                    ; Usage ;
+---------------------------------------------+-------+
; Estimated Total logic elements              ; 2,354 ;
;                                             ;       ;
; Total combinational functions               ; 2352  ;
; Logic element usage by number of LUT inputs ;       ;
;     -- 4 input functions                    ; 867   ;
;     -- 3 input functions                    ; 602   ;
;     -- <=2 input functions                  ; 883   ;
;                                             ;       ;
; Logic elements by mode                      ;       ;
;     -- normal mode                          ; 1702  ;
;     -- arithmetic mode                      ; 650   ;
;                                             ;       ;
; Total registers                             ; 177   ;
;     -- Dedicated logic registers            ; 177   ;
;     -- I/O registers                        ; 0     ;
;                                             ;       ;
; I/O pins                                    ; 19    ;
; Embedded Multiplier 9-bit elements          ; 0     ;
; Maximum fan-out node                        ; CLK   ;
; Maximum fan-out                             ; 178   ;
; Total fan-out                               ; 7664  ;
; Average fan-out                             ; 3.01  ;
+---------------------------------------------+-------+


+----------------------------------------------------------------------------------------------------------------------------------------------------------------------------------------------------------------------------------------------------------------------------+
; Analysis & Synthesis Resource Utilization by Entity                                                                                                                                                                                                                        ;
+---------------------------------------+-------------------+--------------+-------------+--------------+---------+-----------+------+--------------+---------------------------------------------------------------------------------------------------------+--------------+
; Compilation Hierarchy Node            ; LC Combinationals ; LC Registers ; Memory Bits ; DSP Elements ; DSP 9x9 ; DSP 18x18 ; Pins ; Virtual Pins ; Full Hierarchy Name                                                                                     ; Library Name ;
+---------------------------------------+-------------------+--------------+-------------+--------------+---------+-----------+------+--------------+---------------------------------------------------------------------------------------------------------+--------------+
; |CH3_WATCH                            ; 2352 (518)        ; 177 (177)    ; 0           ; 0            ; 0       ; 0         ; 19   ; 0            ; |CH3_WATCH                                                                                              ; work         ;
;    |CH3_WT_SEP:ALM_H_SEP|             ; 12 (12)           ; 0 (0)        ; 0           ; 0            ; 0       ; 0         ; 0    ; 0            ; |CH3_WATCH|CH3_WT_SEP:ALM_H_SEP                                                                         ; work         ;
;    |CH3_WT_SEP:ALM_M_SEP|             ; 15 (15)           ; 0 (0)        ; 0           ; 0            ; 0       ; 0         ; 0    ; 0            ; |CH3_WATCH|CH3_WT_SEP:ALM_M_SEP                                                                         ; work         ;
;    |CH3_WT_SEP:H_SEP|                 ; 11 (11)           ; 0 (0)        ; 0           ; 0            ; 0       ; 0         ; 0    ; 0            ; |CH3_WATCH|CH3_WT_SEP:H_SEP                                                                             ; work         ;
;    |CH3_WT_SEP:M_SEP|                 ; 12 (12)           ; 0 (0)        ; 0           ; 0            ; 0       ; 0         ; 0    ; 0            ; |CH3_WATCH|CH3_WT_SEP:M_SEP                                                                             ; work         ;
;    |CH3_WT_SEP:S_SEP|                 ; 12 (12)           ; 0 (0)        ; 0           ; 0            ; 0       ; 0         ; 0    ; 0            ; |CH3_WATCH|CH3_WT_SEP:S_SEP                                                                             ; work         ;
;    |lpm_divide:Div0|                  ; 858 (0)           ; 0 (0)        ; 0           ; 0            ; 0       ; 0         ; 0    ; 0            ; |CH3_WATCH|lpm_divide:Div0                                                                              ; work         ;
;       |lpm_divide_pto:auto_generated| ; 858 (0)           ; 0 (0)        ; 0           ; 0            ; 0       ; 0         ; 0    ; 0            ; |CH3_WATCH|lpm_divide:Div0|lpm_divide_pto:auto_generated                                                ; work         ;
;          |abs_divider_6dg:divider|    ; 858 (23)          ; 0 (0)        ; 0           ; 0            ; 0       ; 0         ; 0    ; 0            ; |CH3_WATCH|lpm_divide:Div0|lpm_divide_pto:auto_generated|abs_divider_6dg:divider                        ; work         ;
;             |alt_u_div_o5f:divider|   ; 790 (790)         ; 0 (0)        ; 0           ; 0            ; 0       ; 0         ; 0    ; 0            ; |CH3_WATCH|lpm_divide:Div0|lpm_divide_pto:auto_generated|abs_divider_6dg:divider|alt_u_div_o5f:divider  ; work         ;
;             |lpm_abs_0s9:my_abs_num|  ; 45 (45)           ; 0 (0)        ; 0           ; 0            ; 0       ; 0         ; 0    ; 0            ; |CH3_WATCH|lpm_divide:Div0|lpm_divide_pto:auto_generated|abs_divider_6dg:divider|lpm_abs_0s9:my_abs_num ; work         ;
;    |lpm_divide:Mod0|                  ; 914 (0)           ; 0 (0)        ; 0           ; 0            ; 0       ; 0         ; 0    ; 0            ; |CH3_WATCH|lpm_divide:Mod0                                                                              ; work         ;
;       |lpm_divide_slo:auto_generated| ; 914 (0)           ; 0 (0)        ; 0           ; 0            ; 0       ; 0         ; 0    ; 0            ; |CH3_WATCH|lpm_divide:Mod0|lpm_divide_slo:auto_generated                                                ; work         ;
;          |abs_divider_6dg:divider|    ; 914 (16)          ; 0 (0)        ; 0           ; 0            ; 0       ; 0         ; 0    ; 0            ; |CH3_WATCH|lpm_divide:Mod0|lpm_divide_slo:auto_generated|abs_divider_6dg:divider                        ; work         ;
;             |alt_u_div_o5f:divider|   ; 833 (833)         ; 0 (0)        ; 0           ; 0            ; 0       ; 0         ; 0    ; 0            ; |CH3_WATCH|lpm_divide:Mod0|lpm_divide_slo:auto_generated|abs_divider_6dg:divider|alt_u_div_o5f:divider  ; work         ;
;             |lpm_abs_0s9:my_abs_num|  ; 65 (65)           ; 0 (0)        ; 0           ; 0            ; 0       ; 0         ; 0    ; 0            ; |CH3_WATCH|lpm_divide:Mod0|lpm_divide_slo:auto_generated|abs_divider_6dg:divider|lpm_abs_0s9:my_abs_num ; work         ;
+---------------------------------------+-------------------+--------------+-------------+--------------+---------+-----------+------+--------------+---------------------------------------------------------------------------------------------------------+--------------+
Note: For table entries with two numbers listed, the numbers in parentheses indicate the number of resources of the given type used by the specific entity alone. The numbers listed outside of parentheses indicate the total resources of the given type used by the specific entity and all of its sub-entities in the hierarchy.


+----------------------------------------------------------------------------------+
; Registers Removed During Synthesis                                               ;
+-----------------------------------------+----------------------------------------+
; Register name                           ; Reason for Removal                     ;
+-----------------------------------------+----------------------------------------+
; TGL_ALM[1..31]                          ; Stuck at GND due to stuck port data_in ;
; TGL_BTN_B[1..30]                        ; Merged with TGL_BTN_B[31]              ;
; TGL_BTN_A[1..30]                        ; Merged with TGL_BTN_A[31]              ;
; TGL_BTN_CDE[1..30]                      ; Merged with TGL_BTN_CDE[31]            ;
; TGL_BTN_B[31]                           ; Stuck at GND due to stuck port data_in ;
; TGL_BTN_A[31]                           ; Stuck at GND due to stuck port data_in ;
; TGL_BTN_CDE[31]                         ; Stuck at GND due to stuck port data_in ;
; Total Number of Removed Registers = 124 ;                                        ;
+-----------------------------------------+----------------------------------------+


+------------------------------------------------------+
; General Register Statistics                          ;
+----------------------------------------------+-------+
; Statistic                                    ; Value ;
+----------------------------------------------+-------+
; Total registers                              ; 177   ;
; Number of registers using Synchronous Clear  ; 99    ;
; Number of registers using Synchronous Load   ; 0     ;
; Number of registers using Asynchronous Clear ; 177   ;
; Number of registers using Asynchronous Load  ; 0     ;
; Number of registers using Clock Enable       ; 67    ;
; Number of registers using Preset             ; 0     ;
+----------------------------------------------+-------+


+--------------------------------------------------+
; Inverted Register Statistics                     ;
+----------------------------------------+---------+
; Inverted Register                      ; Fan out ;
+----------------------------------------+---------+
; LCD_DATA[0]~reg0                       ; 2       ;
; Total number of inverted registers = 1 ;         ;
+----------------------------------------+---------+


+------------------------------------------------------------------------------------------------------------------------------------------+
; Multiplexer Restructuring Statistics (Restructuring Performed)                                                                           ;
+--------------------+-----------+---------------+----------------------+------------------------+------------+----------------------------+
; Multiplexer Inputs ; Bus Width ; Baseline Area ; Area if Restructured ; Saving if Restructured ; Registered ; Example Multiplexer Output ;
+--------------------+-----------+---------------+----------------------+------------------------+------------+----------------------------+
; 3:1                ; 2 bits    ; 4 LEs         ; 2 LEs                ; 2 LEs                  ; Yes        ; |CH3_WATCH|TGL_BTN_CDE[0]  ;
; 4:1                ; 7 bits    ; 14 LEs        ; 7 LEs                ; 7 LEs                  ; Yes        ; |CH3_WATCH|HOUR[0]         ;
; 4:1                ; 7 bits    ; 14 LEs        ; 7 LEs                ; 7 LEs                  ; Yes        ; |CH3_WATCH|MIN[3]          ;
; 11:1               ; 32 bits   ; 224 LEs       ; 32 LEs               ; 192 LEs                ; Yes        ; |CH3_WATCH|CNT_SOUND[18]   ;
+--------------------+-----------+---------------+----------------------+------------------------+------------+----------------------------+


+------------------------------------------------------------------+
; Parameter Settings for Inferred Entity Instance: lpm_divide:Div0 ;
+------------------------+----------------+------------------------+
; Parameter Name         ; Value          ; Type                   ;
+------------------------+----------------+------------------------+
; LPM_WIDTHN             ; 32             ; Untyped                ;
; LPM_WIDTHD             ; 16             ; Untyped                ;
; LPM_NREPRESENTATION    ; SIGNED         ; Untyped                ;
; LPM_DREPRESENTATION    ; SIGNED         ; Untyped                ;
; LPM_PIPELINE           ; 0              ; Untyped                ;
; LPM_REMAINDERPOSITIVE  ; FALSE          ; Untyped                ;
; MAXIMIZE_SPEED         ; 5              ; Untyped                ;
; CBXI_PARAMETER         ; lpm_divide_pto ; Untyped                ;
; CARRY_CHAIN            ; MANUAL         ; Untyped                ;
; OPTIMIZE_FOR_SPEED     ; 5              ; Untyped                ;
; AUTO_CARRY_CHAINS      ; ON             ; AUTO_CARRY             ;
; IGNORE_CARRY_BUFFERS   ; OFF            ; IGNORE_CARRY           ;
; AUTO_CASCADE_CHAINS    ; ON             ; AUTO_CASCADE           ;
; IGNORE_CASCADE_BUFFERS ; OFF            ; IGNORE_CASCADE         ;
+------------------------+----------------+------------------------+
Note: In order to hide this table in the UI and the text report file, please set the "Show Parameter Settings in Synthesis Report" option in "Analysis and Synthesis Settings -> More Settings" to "Off".


+------------------------------------------------------------------+
; Parameter Settings for Inferred Entity Instance: lpm_divide:Mod0 ;
+------------------------+----------------+------------------------+
; Parameter Name         ; Value          ; Type                   ;
+------------------------+----------------+------------------------+
; LPM_WIDTHN             ; 32             ; Untyped                ;
; LPM_WIDTHD             ; 16             ; Untyped                ;
; LPM_NREPRESENTATION    ; SIGNED         ; Untyped                ;
; LPM_DREPRESENTATION    ; SIGNED         ; Untyped                ;
; LPM_PIPELINE           ; 0              ; Untyped                ;
; LPM_REMAINDERPOSITIVE  ; FALSE          ; Untyped                ;
; MAXIMIZE_SPEED         ; 5              ; Untyped                ;
; CBXI_PARAMETER         ; lpm_divide_slo ; Untyped                ;
; CARRY_CHAIN            ; MANUAL         ; Untyped                ;
; OPTIMIZE_FOR_SPEED     ; 5              ; Untyped                ;
; AUTO_CARRY_CHAINS      ; ON             ; AUTO_CARRY             ;
; IGNORE_CARRY_BUFFERS   ; OFF            ; IGNORE_CARRY           ;
; AUTO_CASCADE_CHAINS    ; ON             ; AUTO_CASCADE           ;
; IGNORE_CASCADE_BUFFERS ; OFF            ; IGNORE_CASCADE         ;
+------------------------+----------------+------------------------+
Note: In order to hide this table in the UI and the text report file, please set the "Show Parameter Settings in Synthesis Report" option in "Analysis and Synthesis Settings -> More Settings" to "Off".


+-------------------------------+
; Elapsed Time Per Partition    ;
+----------------+--------------+
; Partition Name ; Elapsed Time ;
+----------------+--------------+
; Top            ; 00:00:07     ;
+----------------+--------------+


+-------------------------------+
; Analysis & Synthesis Messages ;
+-------------------------------+
Info: *******************************************************************
Info: Running Quartus II 64-Bit Analysis & Synthesis
    Info: Version 13.0.1 Build 232 06/12/2013 Service Pack 1 SJ Web Edition
    Info: Processing started: Fri Nov 25 17:11:58 2022
Info: Command: quartus_map --read_settings_files=on --write_settings_files=off CH3_WATCH -c CH3_WATCH
Warning (20028): Parallel compilation is not licensed and has been disabled
Info (12021): Found 1 design units, including 1 entities, in source file ch3_watch.v
    Info (12023): Found entity 1: CH3_WATCH
Info (12021): Found 1 design units, including 1 entities, in source file ch3_wt_sep.v
    Info (12023): Found entity 1: CH3_WT_SEP
Info (12127): Elaborating entity "CH3_WATCH" for the top level hierarchy
Warning (10230): Verilog HDL assignment warning at CH3_WATCH.v(86): truncated value with size 32 to match size of target (7)
Warning (10230): Verilog HDL assignment warning at CH3_WATCH.v(107): truncated value with size 32 to match size of target (7)
Warning (10230): Verilog HDL assignment warning at CH3_WATCH.v(119): truncated value with size 32 to match size of target (7)
Warning (10230): Verilog HDL assignment warning at CH3_WATCH.v(140): truncated value with size 32 to match size of target (7)
Warning (10230): Verilog HDL assignment warning at CH3_WATCH.v(152): truncated value with size 32 to match size of target (7)
Warning (10230): Verilog HDL assignment warning at CH3_WATCH.v(176): truncated value with size 32 to match size of target (7)
Warning (10230): Verilog HDL assignment warning at CH3_WATCH.v(188): truncated value with size 32 to match size of target (7)
Warning (10762): Verilog HDL Case Statement warning at CH3_WATCH.v(227): can't check case statement for completeness because the case expression has too many possible states
Warning (10240): Verilog HDL Always Construct warning at CH3_WATCH.v(209): inferring latch(es) for variable "LCD_RW", which holds its previous value in one or more paths through the always construct
Warning (10762): Verilog HDL Case Statement warning at CH3_WATCH.v(402): can't check case statement for completeness because the case expression has too many possible states
Info (10041): Inferred latch for "LCD_RW" at CH3_WATCH.v(222)
Info (12128): Elaborating entity "CH3_WT_SEP" for hierarchy "CH3_WT_SEP:S_SEP"
Warning (10230): Verilog HDL assignment warning at CH3_WT_SEP.v(21): truncated value with size 32 to match size of target (4)
Warning (10230): Verilog HDL assignment warning at CH3_WT_SEP.v(26): truncated value with size 32 to match size of target (4)
Warning (10230): Verilog HDL assignment warning at CH3_WT_SEP.v(31): truncated value with size 32 to match size of target (4)
Warning (10230): Verilog HDL assignment warning at CH3_WT_SEP.v(36): truncated value with size 32 to match size of target (4)
Warning (10230): Verilog HDL assignment warning at CH3_WT_SEP.v(41): truncated value with size 32 to match size of target (4)
Info (278001): Inferred 2 megafunctions from design logic
    Info (278004): Inferred divider/modulo megafunction ("lpm_divide") from the following logic: "Div0"
    Info (278004): Inferred divider/modulo megafunction ("lpm_divide") from the following logic: "Mod0"
Info (12130): Elaborated megafunction instantiation "lpm_divide:Div0"
Info (12133): Instantiated megafunction "lpm_divide:Div0" with the following parameter:
    Info (12134): Parameter "LPM_WIDTHN" = "32"
    Info (12134): Parameter "LPM_WIDTHD" = "16"
    Info (12134): Parameter "LPM_NREPRESENTATION" = "SIGNED"
    Info (12134): Parameter "LPM_DREPRESENTATION" = "SIGNED"
    Info (12134): Parameter "LPM_HINT" = "LPM_REMAINDERPOSITIVE=FALSE"
Info (12021): Found 1 design units, including 1 entities, in source file db/lpm_divide_pto.tdf
    Info (12023): Found entity 1: lpm_divide_pto
Info (12021): Found 1 design units, including 1 entities, in source file db/abs_divider_6dg.tdf
    Info (12023): Found entity 1: abs_divider_6dg
Info (12021): Found 1 design units, including 1 entities, in source file db/alt_u_div_o5f.tdf
    Info (12023): Found entity 1: alt_u_div_o5f
Info (12021): Found 1 design units, including 1 entities, in source file db/add_sub_lkc.tdf
    Info (12023): Found entity 1: add_sub_lkc
Info (12021): Found 1 design units, including 1 entities, in source file db/add_sub_mkc.tdf
    Info (12023): Found entity 1: add_sub_mkc
Info (12021): Found 1 design units, including 1 entities, in source file db/lpm_abs_2s9.tdf
    Info (12023): Found entity 1: lpm_abs_2s9
Info (12021): Found 1 design units, including 1 entities, in source file db/lpm_abs_0s9.tdf
    Info (12023): Found entity 1: lpm_abs_0s9
Info (12130): Elaborated megafunction instantiation "lpm_divide:Mod0"
Info (12133): Instantiated megafunction "lpm_divide:Mod0" with the following parameter:
    Info (12134): Parameter "LPM_WIDTHN" = "32"
    Info (12134): Parameter "LPM_WIDTHD" = "16"
    Info (12134): Parameter "LPM_NREPRESENTATION" = "SIGNED"
    Info (12134): Parameter "LPM_DREPRESENTATION" = "SIGNED"
    Info (12134): Parameter "LPM_HINT" = "LPM_REMAINDERPOSITIVE=FALSE"
Info (12021): Found 1 design units, including 1 entities, in source file db/lpm_divide_slo.tdf
    Info (12023): Found entity 1: lpm_divide_slo
Info (13014): Ignored 62 buffer(s)
    Info (13016): Ignored 62 CARRY_SUM buffer(s)
Info (13000): Registers with preset signals will power-up high
Info (13003): DEV_CLRn pin will set, and not reset, register with preset signal due to NOT Gate Push-Back
Warning (13024): Output pins are stuck at VCC or GND
    Warning (13410): Pin "LCD_RW" is stuck at GND
Info (16010): Generating hard_block partition "hard_block:auto_generated_inst"
    Info (16011): Adding 0 node(s), including 0 DDIO, 0 PLL, 0 transceiver and 0 LCELL
Info (21057): Implemented 2393 device resources after synthesis - the final resource count might be different
    Info (21058): Implemented 7 input pins
    Info (21059): Implemented 12 output pins
    Info (21061): Implemented 2374 logic cells
Info: Quartus II 64-Bit Analysis & Synthesis was successful. 0 errors, 18 warnings
    Info: Peak virtual memory: 4656 megabytes
    Info: Processing ended: Fri Nov 25 17:12:06 2022
    Info: Elapsed time: 00:00:08
    Info: Total CPU time (on all processors): 00:00:08


